<html>
<body>
<pre>
<h1>µVision Build Log</h1>
<h2>Tool Versions:</h2>
IDE-Version: ¦ÌVision V5.35.0.0
Copyright (C) 2021 ARM Ltd and ARM Germany GmbH. All rights reserved.
License Information: li 8618790, HP Inc., LIC=----
 
Tool Versions:
Toolchain:       MDK-Lite  Version: 5.35.0.2
Toolchain Path:  D:\keil32\111\ARM\ARMCC\Bin
C Compiler:      Armcc.exe V5.06 update 7 (build 960)
Assembler:       Armasm.exe V5.06 update 7 (build 960)
Linker/Locator:  ArmLink.exe V5.06 update 7 (build 960)
Library Manager: ArmAr.exe V5.06 update 7 (build 960)
Hex Converter:   FromElf.exe V5.06 update 7 (build 960)
CPU DLL:         SARMCM3.DLL V5.35.0.2
Dialog DLL:      DCM.DLL V1.17.3.0
Target DLL:      CMSIS_AGDI.dll V1.33.0.0
Dialog DLL:      TCM.DLL V1.53.0.0
 
<h2>Project:</h2>
E:\stm32\projects\lq\22-4-1\try1\MDK-ARM\try.uvprojx
Project File Date:  04/02/2022

<h2>Output:</h2>
*** Using Compiler 'V5.06 update 7 (build 960)', folder: 'D:\keil32\111\ARM\ARMCC\Bin'
Build target 'try'
compiling main.c...
../Core/Src/main.c(129): warning:  #1035-D: single-precision operand implicitly converted to double-precision
  					max_volt = max_volt + 0.30;
../Core/Src/main.c(130): warning:  #1035-D: single-precision operand implicitly converted to double-precision
  					if(max_volt > 3.30)
../Core/Src/main.c(137): warning:  #1035-D: single-precision operand implicitly converted to double-precision
  					min_volt = min_volt + 0.30;
../Core/Src/main.c(138): warning:  #1035-D: single-precision operand implicitly converted to double-precision
  					if(min_volt > 3.30)
../Core/Src/main.c(172): warning:  #1035-D: single-precision operand implicitly converted to double-precision
  					max_volt = max_volt - 0.30;
../Core/Src/main.c(173): warning:  #1035-D: single-precision operand implicitly converted to double-precision
  					if(max_volt < 0.00)
../Core/Src/main.c(180): warning:  #1035-D: single-precision operand implicitly converted to double-precision
  					min_volt = min_volt - 0.30;
../Core/Src/main.c(181): warning:  #1035-D: single-precision operand implicitly converted to double-precision
  					if(min_volt < 0.00)
../Core/Src/main.c(295): warning:  #1035-D: single-precision operand implicitly converted to double-precision
  		if(((max_volt > min_volt) && (max_volt - min_volt) > 1e-6) && (j != k))
../Core/Src/main.c: 9 warnings, 0 errors
linking...
Program Size: Code=16762 RO-data=5258 RW-data=52 ZI-data=1844  
FromELF: creating hex file...
"try\try.axf" - 0 Error(s), 9 Warning(s).

<h2>Software Packages used:</h2>

Package Vendor: ARM
                http://www.keil.com/pack/ARM.CMSIS.5.8.0.pack
                ARM.CMSIS.5.8.0
                CMSIS (Common Microcontroller Software Interface Standard)
   * Component: CORE Version: 5.5.0

Package Vendor: Keil
                http://www.keil.com/pack/Keil.STM32G4xx_DFP.1.4.0.pack
                Keil.STM32G4xx_DFP.1.4.0
                STMicroelectronics STM32G4 Series Device Support, Drivers and Examples

<h2>Collection of Component include folders:</h2>
  .\RTE\_try
  D:\keil32\project\ARM\CMSIS\5.8.0\CMSIS\Core\Include
  D:\keil32\project\Keil\STM32G4xx_DFP\1.4.0\Drivers\CMSIS\Device\ST\STM32G4xx\Include

<h2>Collection of Component Files used:</h2>

   * Component: ARM::CMSIS:CORE:5.5.0
      Include file:  CMSIS\Core\Include\tz_context.h
Build Time Elapsed:  00:00:03
</pre>
</body>
</html>
